Script started on Fri 19 Mar 2021 09:12:02 PM EDT
]0;vlzheng@websol00:~[?1034h[vlzheng@websol00 ~]$ ls
[0m[01;34mCISC-3140---Lab-5[0m  [01;34mDocuments[0m  [01;34mMusic[0m     [01;34mPublic[0m       session.log  [01;34mVideos[0m
[01;34mDesktop[0m            [01;34mDownloads[0m  [01;34mPictures[0m  [01;34mpublic_html[0m  [01;34mTemplates[0m
]0;vlzheng@websol00:~[vlzheng@websol00 ~]$ mkdir Repo1
]0;vlzheng@websol00:~[vlzheng@websol00 ~]$ cd Re[K[K[K[K[Kls
[0m[01;34mCISC-3140---Lab-5[0m  [01;34mDocuments[0m  [01;34mMusic[0m     [01;34mPublic[0m       [01;34mRepo1[0m        [01;34mTemplates[0m
[01;34mDesktop[0m            [01;34mDownloads[0m  [01;34mPictures[0m  [01;34mpublic_html[0m  session.log  [01;34mVideos[0m
]0;vlzheng@websol00:~[vlzheng@websol00 ~]$ m[Kcd Repo1
]0;vlzheng@websol00:~/Repo1[vlzheng@websol00 Repo1]$ echo "# Repo1" >> README.md
]0;vlzheng@websol00:~/Repo1[vlzheng@websol00 Repo1]$ git init
Initialized empty Git repository in /users1/st/vlzheng/Repo1/.git/
]0;vlzheng@websol00:~/Repo1[vlzheng@websol00 Repo1]$ git add README.md
]0;vlzheng@websol00:~/Repo1[vlzheng@websol00 Repo1]$ git commit -m "first commit"
[master (root-commit) 4858a56] first commit
 1 file changed, 1 insertion(+)
 create mode 100644 README.md
]0;vlzheng@websol00:~/Repo1[vlzheng@websol00 Repo1]$ git branch -M main
]0;vlzheng@websol00:~/Repo1[vlzheng@websol00 Repo1]$ git remote add origin https://github.com/victorliangzh eng88/Repo1.git
]0;vlzheng@websol00:~/Repo1[vlzheng@websol00 Repo1]$ git push -u origin main
Username for 'https://github.com': victorliangzheng88
Password for 'https://victorliangzheng88@github.com': 
Counting objects: 3, done.
Writing objects:  33% (1/3)   Writing objects:  66% (2/3)   Writing objects: 100% (3/3)   Writing objects: 100% (3/3), 221 bytes | 0 bytes/s, done.
Total 3 (delta 0), reused 0 (delta 0)
To https://github.com/victorliangzheng88/Repo1.git
 * [new branch]      main -> main
Branch main set up to track remote branch main from origin.
]0;vlzheng@websol00:~/Repo1[vlzheng@websol00 Repo1]$ nano HelloWorld.java
[?1049h[1;24r(B[m[4l[?7h[?12l[?25h[?1h=[?1h=[?1h=[39;49m[39;49m(B[m[H[2J(B[0;7m  GNU nano 2.3.1            File: HelloWorld.java                               [22;35H[ New File ][23d^G(B[m Get Help  (B[0;7m^O(B[m WriteOut  (B[0;7m^R(B[m Read File (B[0;7m^Y(B[m Prev Page (B[0;7m^K(B[m Cut Text  (B[0;7m^C(B[m Cur Pos[24d(B[0;7m^X(B[m Exit[14G(B[0;7m^J(B[m Justify   (B[0;7m^W(B[m Where Is  (B[0;7m^V(B[m Next Page (B[0;7m^U(B[m UnCut Text(B[0;7m^T(B[m To Spell[3d[1;71H(B[0;7mModified[3d(B[mclass Hellow World {[4d[4;9Hpubl[22d[K[4;13Hic static w void main)(? [Z [Z ()[ZS)t)r)i)n)g)[)])[Z )a)r)g)s)){[5d[5;9H[5;17HSystem.out.println("Hellow  O WOrld    rodl    orld!:[Z [Z");[6d[6;9H}[7d}[8d[22d(B[0;7mFile Name to Write: HelloWorld.java                                             [23;14H(B[m       (B[0;7mM-D(B[m DOS Format      (B[0;7mM-A(B[m Append          (B[0;7mM-B(B[m Backup File[24;2H(B[0;7mC(B[m Cancel           (B[0;7mM-M(B[m Mac Format      (B[0;7mM-P(B[m Prepend[K[22;36H[1;71H[39;49m(B[0;7m        [22;31H(B[m[1K (B[0;7m[ Wrote 6 lines ](B[m[K[23;14H(B[0;7m^O(B[m WriteOut  (B[0;7m^R(B[m Read File (B[0;7m^Y(B[m Prev Page (B[0;7m^K(B[m Cut Text  (B[0;7m^C(B[m Cur Pos[24;2H(B[0;7mX(B[m Exit      (B[0;7m^J(B[m Justify   (B[0;7m^W(B[m Where Is  (B[0;7m^V(B[m Next Page (B[0;7m^U(B[m UnCut Text(B[0;7m^T(B[m To Spell[8d[23d[J[24;80H[24;1H[?1049l[?1l>]0;vlzheng@websol00:~/Repo1[vlzheng@websol00 Repo1]$ ls
HelloWorld.java  README.md
]0;vlzheng@websol00:~/Repo1[vlzheng@websol00 Repo1]$ git add Hellow[KWorld.java
]0;vlzheng@websol00:~/Repo1[vlzheng@websol00 Repo1]$ git commit -m "Java Program pritin[K[K[K[K[K[Kthat prit[Knt[K[K[K[K[K[K[K[K[K[K[K[K[K[K[K[K[K[K[K[K[K[K[KJap[Kva Progrma [K[K[Km[Kam print Hellow OW[K[K[K[K WOrld[K[K[K[Korld!"
bash: !": event not found
[vlzheng@websol00 Repo1]$ git add HelloWorld.javals[Kgit add HelloWorld.java[Kgit commit - [Km :[K"Java Program print Hello WOrld[K[K[K[Korld:[K"
[main cdabcf4] Java Program print Hello World
 1 file changed, 6 insertions(+)
 create mode 100644 HelloWorld.java
]0;vlzheng@websol00:~/Repo1[vlzheng@websol00 Repo1]$ giot [K[K[Kt push
warning: push.default is unset; its implicit value is changing in
Git 2.0 from 'matching' to 'simple'. To squelch this message
and maintain the current behavior after the default changes, use:

  git config --global push.default matching

To squelch this message and adopt the new behavior now, use:

  git config --global push.default simple

See 'git help config' and search for 'push.default' for further information.
(the 'simple' mode was introduced in Git 1.7.11. Use the similar mode
'current' instead of 'simple' if you sometimes use older versions of Git)

Username for 'https://github.com': victorliangzheng88
Password for 'https://victorliangzheng88@github.com': 
Counting objects: 4, done.
Delta compression using up to 8 threads.
Compressing objects:  33% (1/3)   Compressing objects:  66% (2/3)   Compressing objects: 100% (3/3)   Compressing objects: 100% (3/3), done.
Writing objects:  33% (1/3)   Writing objects:  66% (2/3)   Writing objects: 100% (3/3)   Writing objects: 100% (3/3), 397 bytes | 0 bytes/s, done.
Total 3 (delta 0), reused 0 (delta 0)
To https://github.com/victorliangzheng88/Repo1.git
   4858a56..cdabcf4  main -> main
]0;vlzheng@websol00:~/Repo1[vlzheng@websol00 Repo1]$ nano Hellow[KWOrld[K[K[K[Korld.java
[?1049h[1;24r(B[m[4l[?7h[?12l[?25h[?1h=[?1h=[?1h=[39;49m[39;49m(B[m[H[2J(B[0;7m  GNU nano 2.3.1            File: HelloWorld.java                               [3;1H(B[mclass HelloWorld {[4;9Hpublic static void main(String[] args){[5;17HSystem.out.println("Hello World!");[6;9H}[7d}[22;33H(B[0;7m[ Read 6 lines ][23d^G(B[m Get Help  (B[0;7m^O(B[m WriteOut  (B[0;7m^R(B[m Read File (B[0;7m^Y(B[m Prev Page (B[0;7m^K(B[m Cut Text  (B[0;7m^C(B[m Cur Pos[24d(B[0;7m^X(B[m Exit[14G(B[0;7m^J(B[m Justify   (B[0;7m^W(B[m Where Is  (B[0;7m^V(B[m Next Page (B[0;7m^U(B[m UnCut Text(B[0;7m^T(B[m To Spell[3d[4d[5d[5;9H[5;17HSystem.	ut.prin	ln("H[22d[K[5;39Hl	o World	");[6d[5;52H7[6;22r8[6dM[1;24r[1;71H(B[0;7mModified[6d(B[m[6;9H[6;17HSystem., out,.  .println("Td oday is March [3d,class HelloWorld {, class HelloWorld {, [4d[22d(B[0;7mFile to insert [from ./] :                                                      [23;14H(B[m             (B[0;7m^T(B[m To Files[15X[23;53H(B[0;7mM-F(B[m New Buffer[K[24;2H(B[0;7mC(B[m Cancel[17X[24;27H(B[0;7m^X(B[m Execute Command[K[22;28H	[1K (B[0;7m[ Cancelled ](B[m[K[23;14H(B[0;7m^O(B[m WriteOut  (B[0;7m^R(B[m Read File (B[0;7m^Y(B[m Prev Page (B[0;7m^K(B[m Cut Text  (B[0;7m^C(B[m Cur Pos[24;2H(B[0;7mX(B[m Exit      (B[0;7m^J(B[m Justify   (B[0;7m^W(B[m Where Is  (B[0;7m^V(B[m Next Page (B[0;7m^U(B[m UnCut Text(B[0;7m^T(B[m To Spell[4d[5d[6d[6;9H[6;17HSystem.	ut.prin	ln("T[22d[K[6;39Hd	y is Ma	ch [7d[6;52H 1 19/ , 2021");[22d(B[0;7mFile Name to Write: HelloWorld.java                                             [23;14H(B[m       (B[0;7mM-D(B[m DOS Format      (B[0;7mM-A(B[m Append          (B[0;7mM-B(B[m Backup File[24;2H(B[0;7mC(B[m Cancel           (B[0;7mM-M(B[m Mac Format      (B[0;7mM-P(B[m Prepend[K[22;36H[1;71H[39;49m(B[0;7m        [22;31H(B[m[1K (B[0;7m[ Wrote 7 lines ](B[m[K[23;14H(B[0;7m^O(B[m WriteOut  (B[0;7m^R(B[m Read File (B[0;7m^Y(B[m Prev Page (B[0;7m^K(B[m Cut Text  (B[0;7m^C(B[m Cur Pos[24;2H(B[0;7mX(B[m Exit      (B[0;7m^J(B[m Justify   (B[0;7m^W(B[m Where Is  (B[0;7m^V(B[m Next Page (B[0;7m^U(B[m UnCut Text(B[0;7m^T(B[m To Spell[6;63H[23d[J[24;80H[24;1H[?1049l[?1l>]0;vlzheng@websol00:~/Repo1[vlzheng@websol00 Repo1]$ git commit -,[Km "Added to prit[Knt todfay[K[K[K;[Ka;[Ky's date"
# On branch main
# Changes not staged for commit:
#   (use "git add <file>..." to update what will be committed)
#   (use "git checkout -- <file>..." to discard changes in working directory)
#
#	modified:   HelloWorld.java
#
no changes added to commit (use "git add" and/or "git commit -a")
]0;vlzheng@websol00:~/Repo1[vlzheng@websol00 Repo1]$ git push
warning: push.default is unset; its implicit value is changing in
Git 2.0 from 'matching' to 'simple'. To squelch this message
and maintain the current behavior after the default changes, use:

  git config --global push.default matching

To squelch this message and adopt the new behavior now, use:

  git config --global push.default simple

See 'git help config' and search for 'push.default' for further information.
(the 'simple' mode was introduced in Git 1.7.11. Use the similar mode
'current' instead of 'simple' if you sometimes use older versions of Git)

Username for 'https://github.com': victorliangzheng88
Password for 'https://victorliangzheng88@github.com': 
Everything up-to-date
]0;vlzheng@websol00:~/Repo1[vlzheng@websol00 Repo1]$ git ad[K[K[K[K[K[Knano HelloWOrld[K[K[K[Korld,ja[K[K[K.java
[?1049h[1;24r(B[m[4l[?7h[?12l[?25h[?1h=[?1h=[?1h=[39;49m[39;49m(B[m[H[2J(B[0;7m  GNU nano 2.3.1            File: HelloWorld.java                               [3;1H(B[m, class HelloWorld {[4;9Hpublic static void main(String[] args){[5;17HSystem.out.println("Hello World!");[6;17HSystem.out.println("Today is March 19, 2021");[7;9H}[8d}[22;33H(B[0;7m[ Read 7 lines ][23d^G(B[m Get Help  (B[0;7m^O(B[m WriteOut  (B[0;7m^R(B[m Read File (B[0;7m^Y(B[m Prev Page (B[0;7m^K(B[m Cut Text  (B[0;7m^C(B[m Cur Pos[24d(B[0;7m^X(B[m Exit[14G(B[0;7m^J(B[m Justify   (B[0;7m^W(B[m Where Is  (B[0;7m^V(B[m Next Page (B[0;7m^U(B[m UnCut Text(B[0;7m^T(B[m To Spell[3d[23d[J[24;80H[24;1H[?1049l[?1l>]0;vlzheng@websol00:~/Repo1[vlzheng@websol00 Repo1]$ git add HelloWorld.java
]0;vlzheng@websol00:~/Repo1[vlzheng@websol00 Repo1]$ git commit -m ":[KAdde t[K[Kd to print today's date"
[main 2d68262] Added to print today's date
 1 file changed, 2 insertions(+), 1 deletion(-)
]0;vlzheng@websol00:~/Repo1[vlzheng@websol00 Repo1]$ git push
warning: push.default is unset; its implicit value is changing in
Git 2.0 from 'matching' to 'simple'. To squelch this message
and maintain the current behavior after the default changes, use:

  git config --global push.default matching

To squelch this message and adopt the new behavior now, use:

  git config --global push.default simple

See 'git help config' and search for 'push.default' for further information.
(the 'simple' mode was introduced in Git 1.7.11. Use the similar mode
'current' instead of 'simple' if you sometimes use older versions of Git)

Username for 'https://github.com': vicotrli     torliangzheng88
Password for 'https://victorliangzheng88@github.com': 
Counting objects: 5, done.
Delta compression using up to 8 threads.
Compressing objects:  33% (1/3)   Compressing objects:  66% (2/3)   Compressing objects: 100% (3/3)   Compressing objects: 100% (3/3), done.
Writing objects:  33% (1/3)   Writing objects:  66% (2/3)   Writing objects: 100% (3/3)   Writing objects: 100% (3/3), 424 bytes | 0 bytes/s, done.
Total 3 (delta 0), reused 0 (delta 0)
To https://github.com/victorliangzheng88/Repo1.git
   cdabcf4..2d68262  main -> main
]0;vlzheng@websol00:~/Repo1[vlzheng@websol00 Repo1]$ nano HelloWorld,[K.kava[K[K[K[Kjava
[?1049h[1;24r(B[m[4l[?7h[?12l[?25h[?1h=[?1h=[?1h=[39;49m[39;49m(B[m[H[2J(B[0;7m  GNU nano 2.3.1            File: HelloWorld.java                               [3;1H(B[m, class HelloWorld {[4;9Hpublic static void main(String[] args){[5;17HSystem.out.println("Hello World!");[6;17HSystem.out.println("Today is March 19, 2021");[7;9H}[8d}[22;33H(B[0;7m[ Read 7 lines ][23d^G(B[m Get Help  (B[0;7m^O(B[m WriteOut  (B[0;7m^R(B[m Read File (B[0;7m^Y(B[m Prev Page (B[0;7m^K(B[m Cut Text  (B[0;7m^C(B[m Cur Pos[24d(B[0;7m^X(B[m Exit[14G(B[0;7m^J(B[m Justify   (B[0;7m^W(B[m Where Is  (B[0;7m^V(B[m Next Page (B[0;7m^U(B[m UnCut Text(B[0;7m^T(B[m To Spell[3d,[1;71H(B[0;7mModified[3d(B[m[1P [1P[22;25H(B[0;7m[ XOFF ignored, mumble mumble ][3d(B[m[22d(B[0;7mFile Name to Write: HelloWorld.java                                             [23;14H(B[m       (B[0;7mM-D(B[m DOS Format      (B[0;7mM-A(B[m Append          (B[0;7mM-B(B[m Backup File[24;2H(B[0;7mC(B[m Cancel           (B[0;7mM-M(B[m Mac Format      (B[0;7mM-P(B[m Prepend[K[22;36H[1;71H[39;49m(B[0;7m        [22;31H(B[m[1K (B[0;7m[ Wrote 7 lines ](B[m[K[23;14H(B[0;7m^O(B[m WriteOut  (B[0;7m^R(B[m Read File (B[0;7m^Y(B[m Prev Page (B[0;7m^K(B[m Cut Text  (B[0;7m^C(B[m Cur Pos[24;2H(B[0;7mX(B[m Exit      (B[0;7m^J(B[m Justify   (B[0;7m^W(B[m Where Is  (B[0;7m^V(B[m Next Page (B[0;7m^U(B[m UnCut Text(B[0;7m^T(B[m To Spell[3d[23d[J[24;80H[24;1H[?1049l[?1l>]0;vlzheng@websol00:~/Repo1[vlzheng@websol00 Repo1]$ gitadd[K[K[K add HelloWorld.java
]0;vlzheng@websol00:~/Repo1[vlzheng@websol00 Repo1]$ git commit -m "FIxed[K[K[K[Kxied [K[K[K[K[Kixed typo"
[main e4fc675] Fixed typo
 1 file changed, 1 insertion(+), 1 deletion(-)
]0;vlzheng@websol00:~/Repo1[vlzheng@websol00 Repo1]$ git push
warning: push.default is unset; its implicit value is changing in
Git 2.0 from 'matching' to 'simple'. To squelch this message
and maintain the current behavior after the default changes, use:

  git config --global push.default matching

To squelch this message and adopt the new behavior now, use:

  git config --global push.default simple

See 'git help config' and search for 'push.default' for further information.
(the 'simple' mode was introduced in Git 1.7.11. Use the similar mode
'current' instead of 'simple' if you sometimes use older versions of Git)

Username for 'https://github.com': victorliangzheng88
Password for 'https://victorliangzheng88@github.com': 
Counting objects: 5, done.
Delta compression using up to 8 threads.
Compressing objects:  33% (1/3)   Compressing objects:  66% (2/3)   Compressing objects: 100% (3/3)   Compressing objects: 100% (3/3), done.
Writing objects:  33% (1/3)   Writing objects:  66% (2/3)   Writing objects: 100% (3/3)   Writing objects: 100% (3/3), 311 bytes | 0 bytes/s, done.
Total 3 (delta 1), reused 0 (delta 0)
remote: Resolving deltas:   0% (0/1)[Kremote: Resolving deltas: 100% (1/1)[Kremote: Resolving deltas: 100% (1/1), completed with 1 local object.[K
To https://github.com/victorliangzheng88/Repo1.git
   2d68262..e4fc675  main -> main
]0;vlzheng@websol00:~/Repo1[vlzheng@websol00 Repo1]$ exit
exit

Script done on Fri 19 Mar 2021 09:24:46 PM EDT
